Archive member included to satisfy reference by file (symbol)

D:/ST/STM32CubeIDE_1.13.2/STM32CubeIDE/plugins/com.st.stm32cube.ide.mcu.externaltools.gnu-tools-for-stm32.11.3.rel1.win32_1.1.1.202309131626/tools/bin/../lib/gcc/arm-none-eabi/11.3.1/../../../../arm-none-eabi/lib/thumb/v7e-m+fp/hard\libc_nano.a(libc_a-exit.o)
                              D:/ST/STM32CubeIDE_1.13.2/STM32CubeIDE/plugins/com.st.stm32cube.ide.mcu.externaltools.gnu-tools-for-stm32.11.3.rel1.win32_1.1.1.202309131626/tools/bin/../lib/gcc/arm-none-eabi/11.3.1/../../../../arm-none-eabi/lib/thumb/v7e-m+fp/hard/crt0.o (exit)
D:/ST/STM32CubeIDE_1.13.2/STM32CubeIDE/plugins/com.st.stm32cube.ide.mcu.externaltools.gnu-tools-for-stm32.11.3.rel1.win32_1.1.1.202309131626/tools/bin/../lib/gcc/arm-none-eabi/11.3.1/../../../../arm-none-eabi/lib/thumb/v7e-m+fp/hard\libc_nano.a(libc_a-findfp.o)
                              D:/ST/STM32CubeIDE_1.13.2/STM32CubeIDE/plugins/com.st.stm32cube.ide.mcu.externaltools.gnu-tools-for-stm32.11.3.rel1.win32_1.1.1.202309131626/tools/bin/../lib/gcc/arm-none-eabi/11.3.1/../../../../arm-none-eabi/lib/thumb/v7e-m+fp/hard\libc_nano.a(libc_a-exit.o) (__stdio_exit_handler)
D:/ST/STM32CubeIDE_1.13.2/STM32CubeIDE/plugins/com.st.stm32cube.ide.mcu.externaltools.gnu-tools-for-stm32.11.3.rel1.win32_1.1.1.202309131626/tools/bin/../lib/gcc/arm-none-eabi/11.3.1/../../../../arm-none-eabi/lib/thumb/v7e-m+fp/hard\libc_nano.a(libc_a-fwalk.o)
                              D:/ST/STM32CubeIDE_1.13.2/STM32CubeIDE/plugins/com.st.stm32cube.ide.mcu.externaltools.gnu-tools-for-stm32.11.3.rel1.win32_1.1.1.202309131626/tools/bin/../lib/gcc/arm-none-eabi/11.3.1/../../../../arm-none-eabi/lib/thumb/v7e-m+fp/hard\libc_nano.a(libc_a-findfp.o) (_fwalk_sglue)
D:/ST/STM32CubeIDE_1.13.2/STM32CubeIDE/plugins/com.st.stm32cube.ide.mcu.externaltools.gnu-tools-for-stm32.11.3.rel1.win32_1.1.1.202309131626/tools/bin/../lib/gcc/arm-none-eabi/11.3.1/../../../../arm-none-eabi/lib/thumb/v7e-m+fp/hard\libc_nano.a(libc_a-stdio.o)
                              D:/ST/STM32CubeIDE_1.13.2/STM32CubeIDE/plugins/com.st.stm32cube.ide.mcu.externaltools.gnu-tools-for-stm32.11.3.rel1.win32_1.1.1.202309131626/tools/bin/../lib/gcc/arm-none-eabi/11.3.1/../../../../arm-none-eabi/lib/thumb/v7e-m+fp/hard\libc_nano.a(libc_a-findfp.o) (__sread)
D:/ST/STM32CubeIDE_1.13.2/STM32CubeIDE/plugins/com.st.stm32cube.ide.mcu.externaltools.gnu-tools-for-stm32.11.3.rel1.win32_1.1.1.202309131626/tools/bin/../lib/gcc/arm-none-eabi/11.3.1/../../../../arm-none-eabi/lib/thumb/v7e-m+fp/hard\libc_nano.a(libc_a-memset.o)
                              D:/ST/STM32CubeIDE_1.13.2/STM32CubeIDE/plugins/com.st.stm32cube.ide.mcu.externaltools.gnu-tools-for-stm32.11.3.rel1.win32_1.1.1.202309131626/tools/bin/../lib/gcc/arm-none-eabi/11.3.1/../../../../arm-none-eabi/lib/thumb/v7e-m+fp/hard/crt0.o (memset)
D:/ST/STM32CubeIDE_1.13.2/STM32CubeIDE/plugins/com.st.stm32cube.ide.mcu.externaltools.gnu-tools-for-stm32.11.3.rel1.win32_1.1.1.202309131626/tools/bin/../lib/gcc/arm-none-eabi/11.3.1/../../../../arm-none-eabi/lib/thumb/v7e-m+fp/hard\libc_nano.a(libc_a-closer.o)
                              D:/ST/STM32CubeIDE_1.13.2/STM32CubeIDE/plugins/com.st.stm32cube.ide.mcu.externaltools.gnu-tools-for-stm32.11.3.rel1.win32_1.1.1.202309131626/tools/bin/../lib/gcc/arm-none-eabi/11.3.1/../../../../arm-none-eabi/lib/thumb/v7e-m+fp/hard\libc_nano.a(libc_a-stdio.o) (_close_r)
D:/ST/STM32CubeIDE_1.13.2/STM32CubeIDE/plugins/com.st.stm32cube.ide.mcu.externaltools.gnu-tools-for-stm32.11.3.rel1.win32_1.1.1.202309131626/tools/bin/../lib/gcc/arm-none-eabi/11.3.1/../../../../arm-none-eabi/lib/thumb/v7e-m+fp/hard\libc_nano.a(libc_a-reent.o)
                              D:/ST/STM32CubeIDE_1.13.2/STM32CubeIDE/plugins/com.st.stm32cube.ide.mcu.externaltools.gnu-tools-for-stm32.11.3.rel1.win32_1.1.1.202309131626/tools/bin/../lib/gcc/arm-none-eabi/11.3.1/../../../../arm-none-eabi/lib/thumb/v7e-m+fp/hard\libc_nano.a(libc_a-closer.o) (errno)
D:/ST/STM32CubeIDE_1.13.2/STM32CubeIDE/plugins/com.st.stm32cube.ide.mcu.externaltools.gnu-tools-for-stm32.11.3.rel1.win32_1.1.1.202309131626/tools/bin/../lib/gcc/arm-none-eabi/11.3.1/../../../../arm-none-eabi/lib/thumb/v7e-m+fp/hard\libc_nano.a(libc_a-impure.o)
                              D:/ST/STM32CubeIDE_1.13.2/STM32CubeIDE/plugins/com.st.stm32cube.ide.mcu.externaltools.gnu-tools-for-stm32.11.3.rel1.win32_1.1.1.202309131626/tools/bin/../lib/gcc/arm-none-eabi/11.3.1/../../../../arm-none-eabi/lib/thumb/v7e-m+fp/hard\libc_nano.a(libc_a-reent.o) (_impure_ptr)
D:/ST/STM32CubeIDE_1.13.2/STM32CubeIDE/plugins/com.st.stm32cube.ide.mcu.externaltools.gnu-tools-for-stm32.11.3.rel1.win32_1.1.1.202309131626/tools/bin/../lib/gcc/arm-none-eabi/11.3.1/../../../../arm-none-eabi/lib/thumb/v7e-m+fp/hard\libc_nano.a(libc_a-lseekr.o)
[...]
Memory Configuration

Name             Origin             Length             Attributes
CCMRAM           0x0000000010000000 0x0000000000010000 xrw
RAM              0x0000000020000000 0x0000000000020000 xrw
FLASH            0x0000000008000000 0x0000000000100000 xr
*default*        0x0000000000000000 0xffffffffffffffff

Linker script and memory map

LOAD D:/ST/STM32CubeIDE_1.13.2/STM32CubeIDE/plugins/com.st.stm32cube.ide.mcu.externaltools.gnu-tools-for-stm32.11.3.rel1.win32_1.1.1.202309131626/tools/bin/../lib/gcc/arm-none-eabi/11.3.1/thumb/v7e-m+fp/hard/crti.o
LOAD D:/ST/STM32CubeIDE_1.13.2/STM32CubeIDE/plugins/com.st.stm32cube.ide.mcu.externaltools.gnu-tools-for-stm32.11.3.rel1.win32_1.1.1.202309131626/tools/bin/../lib/gcc/arm-none-eabi/11.3.1/thumb/v7e-m+fp/hard/crtbegin.o
LOAD D:/ST/STM32CubeIDE_1.13.2/STM32CubeIDE/plugins/com.st.stm32cube.ide.mcu.externaltools.gnu-tools-for-stm32.11.3.rel1.win32_1.1.1.202309131626/tools/bin/../lib/gcc/arm-none-eabi/11.3.1/../../../../arm-none-eabi/lib/thumb/v7e-m+fp/hard/crt0.o
LOAD ./Src/main.o
LOAD ./Src/syscalls.o
LOAD ./Src/sysmem.o
LOAD ./Startup/startup_stm32f407vgtx.o
START GROUP
LOAD D:/ST/STM32CubeIDE_1.13.2/STM32CubeIDE/plugins/com.st.stm32cube.ide.mcu.externaltools.gnu-tools-for-stm32.11.3.rel1.win32_1.1.1.202309131626/tools/bin/../lib/gcc/arm-none-eabi/11.3.1/../../../../arm-none-eabi/lib/thumb/v7e-m+fp/hard\libc_nano.a
LOAD D:/ST/STM32CubeIDE_1.13.2/STM32CubeIDE/plugins/com.st.stm32cube.ide.mcu.externaltools.gnu-tools-for-stm32.11.3.rel1.win32_1.1.1.202309131626/tools/bin/../lib/gcc/arm-none-eabi/11.3.1/../../../../arm-none-eabi/lib/thumb/v7e-m+fp/hard\libm.a
END GROUP
START GROUP
LOAD D:/ST/STM32CubeIDE_1.13.2/STM32CubeIDE/plugins/com.st.stm32cube.ide.mcu.externaltools.gnu-tools-for-stm32.11.3.rel1.win32_1.1.1.202309131626/tools/bin/../lib/gcc/arm-none-eabi/11.3.1/thumb/v7e-m+fp/hard\libgcc.a
LOAD D:/ST/STM32CubeIDE_1.13.2/STM32CubeIDE/plugins/com.st.stm32cube.ide.mcu.externaltools.gnu-tools-for-stm32.11.3.rel1.win32_1.1.1.202309131626/tools/bin/../lib/gcc/arm-none-eabi/11.3.1/../../../../arm-none-eabi/lib/thumb/v7e-m+fp/hard\libc_nano.a
END GROUP
START GROUP
LOAD D:/ST/STM32CubeIDE_1.13.2/STM32CubeIDE/plugins/com.st.stm32cube.ide.mcu.externaltools.gnu-tools-for-stm32.11.3.rel1.win32_1.1.1.202309131626/tools/bin/../lib/gcc/arm-none-eabi/11.3.1/thumb/v7e-m+fp/hard\libgcc.a
LOAD D:/ST/STM32CubeIDE_1.13.2/STM32CubeIDE/plugins/com.st.stm32cube.ide.mcu.externaltools.gnu-tools-for-stm32.11.3.rel1.win32_1.1.1.202309131626/tools/bin/../lib/gcc/arm-none-eabi/11.3.1/../../../../arm-none-eabi/lib/thumb/v7e-m+fp/hard\libc_nano.a
LOAD D:/ST/STM32CubeIDE_1.13.2/STM32CubeIDE/plugins/com.st.stm32cube.ide.mcu.externaltools.gnu-tools-for-stm32.11.3.rel1.win32_1.1.1.202309131626/tools/bin/../lib/gcc/arm-none-eabi/11.3.1/../../../../arm-none-eabi/lib/thumb/v7e-m+fp/hard\libnosys.a
END GROUP
START GROUP
LOAD D:/ST/STM32CubeIDE_1.13.2/STM32CubeIDE/plugins/com.st.stm32cube.ide.mcu.externaltools.gnu-tools-for-stm32.11.3.rel1.win32_1.1.1.202309131626/tools/bin/../lib/gcc/arm-none-eabi/11.3.1/thumb/v7e-m+fp/hard\libgcc.a
LOAD D:/ST/STM32CubeIDE_1.13.2/STM32CubeIDE/plugins/com.st.stm32cube.ide.mcu.externaltools.gnu-tools-for-stm32.11.3.rel1.win32_1.1.1.202309131626/tools/bin/../lib/gcc/arm-none-eabi/11.3.1/../../../../arm-none-eabi/lib/thumb/v7e-m+fp/hard\libc_nano.a
LOAD D:/ST/STM32CubeIDE_1.13.2/STM32CubeIDE/plugins/com.st.stm32cube.ide.mcu.externaltools.gnu-tools-for-stm32.11.3.rel1.win32_1.1.1.202309131626/tools/bin/../lib/gcc/arm-none-eabi/11.3.1/../../../../arm-none-eabi/lib/thumb/v7e-m+fp/hard\libnosys.a
END GROUP
LOAD D:/ST/STM32CubeIDE_1.13.2/STM32CubeIDE/plugins/com.st.stm32cube.ide.mcu.externaltools.gnu-tools-for-stm32.11.3.rel1.win32_1.1.1.202309131626/tools/bin/../lib/gcc/arm-none-eabi/11.3.1/thumb/v7e-m+fp/hard/crtend.o
LOAD D:/ST/STM32CubeIDE_1.13.2/STM32CubeIDE/plugins/com.st.stm32cube.ide.mcu.externaltools.gnu-tools-for-stm32.11.3.rel1.win32_1.1.1.202309131626/tools/bin/../lib/gcc/arm-none-eabi/11.3.1/thumb/v7e-m+fp/hard/crtn.o
                0x0000000020020000                _estack = (ORIGIN (RAM) + LENGTH (RAM))
                0x0000000000000200                _Min_Heap_Size = 0x200
                0x0000000000000400                _Min_Stack_Size = 0x400

.isr_vector     0x0000000008000000      0x1a8
                0x0000000008000000                . = ALIGN (0x4)
 *(.isr_vector)
 .isr_vector    0x0000000008000000      0x1a8 ./Startup/startup_stm32f407vgtx.o
                0x0000000008000000                g_pfnVectors
                0x00000000080001a8                . = ALIGN (0x4)

.text           0x00000000080001a8      0x234
                0x00000000080001a8                . = ALIGN (0x4)
 *(.text)
 .text          0x00000000080001a8       0x40 D:/ST/STM32CubeIDE_1.13.2/STM32CubeIDE/plugins/com.st.stm32cube.ide.mcu.externaltools.gnu-tools-for-stm32.11.3.rel1.win32_1.1.1.202309131626/tools/bin/../lib/gcc/arm-none-eabi/11.3.1/thumb/v7e-m+fp/hard/crtbegin.o
 *(.text*)
 .text.LightsOn
                0x00000000080001e8       0x44 ./Src/main.o
                0x00000000080001e8                LightsOn
 .text.LightsOff
                0x000000000800022c       0x44 ./Src/main.o
                0x000000000800022c                LightsOff
 .text.main     0x0000000008000270       0xb8 ./Src/main.o
                0x0000000008000270                main
 .text.Reset_Handler
                0x0000000008000328       0x50 ./Startup/startup_stm32f407vgtx.o
                0x0000000008000328                Reset_Handler
 .text.Default_Handler
                0x0000000008000378        0x2 ./Startup/startup_stm32f407vgtx.o
                0x0000000008000378                RTC_Alarm_IRQHandler
                0x0000000008000378                HASH_RNG_IRQHandler
                0x0000000008000378                EXTI2_IRQHandler
                0x0000000008000378                TIM8_CC_IRQHandler
                0x0000000008000378                DebugMon_Handler
                0x0000000008000378                TIM1_CC_IRQHandler
                0x0000000008000378                DMA2_Stream5_IRQHandler
                0x0000000008000378                HardFault_Handler
                0x0000000008000378                DMA1_Stream5_IRQHandler
                0x0000000008000378                SysTick_Handler
                0x0000000008000378                PVD_IRQHandler
                0x0000000008000378                SDIO_IRQHandler
                0x0000000008000378                TAMP_STAMP_IRQHandler
                0x0000000008000378                PendSV_Handler
                0x0000000008000378                NMI_Handler
                0x0000000008000378                CAN2_RX1_IRQHandler
                0x0000000008000378                EXTI3_IRQHandler
                0x0000000008000378                TIM8_TRG_COM_TIM14_IRQHandler
                0x0000000008000378                TIM1_UP_TIM10_IRQHandler
                0x0000000008000378                TIM8_UP_TIM13_IRQHandler
                0x0000000008000378                I2C3_ER_IRQHandler
                0x0000000008000378                LCD_TFT_IRQHandler
                0x0000000008000378                EXTI0_IRQHandler
                0x0000000008000378                I2C2_EV_IRQHandler
                0x0000000008000378                DMA1_Stream2_IRQHandler
                0x0000000008000378                CAN1_RX0_IRQHandler
                0x0000000008000378                FPU_IRQHandler
                0x0000000008000378                OTG_HS_WKUP_IRQHandler
                0x0000000008000378                UsageFault_Handler
                0x0000000008000378                CAN2_SCE_IRQHandler
                0x0000000008000378                DMA2_Stream2_IRQHandler
                0x0000000008000378                SPI1_IRQHandler
                0x0000000008000378                TIM6_DAC_IRQHandler
                0x0000000008000378                TIM1_BRK_TIM9_IRQHandler
                0x0000000008000378                DCMI_IRQHandler
                0x0000000008000378                CAN2_RX0_IRQHandler
                0x0000000008000378                DMA2_Stream3_IRQHandler
                0x0000000008000378                USART6_IRQHandler
                0x0000000008000378                USART3_IRQHandler
                0x0000000008000378                CRYP_IRQHandler
                0x0000000008000378                CAN1_RX1_IRQHandler
                0x0000000008000378                UART5_IRQHandler
                0x0000000008000378                DMA2_Stream0_IRQHandler
                0x0000000008000378                TIM4_IRQHandler
                0x0000000008000378                I2C1_EV_IRQHandler
                0x0000000008000378                DMA1_Stream6_IRQHandler
                0x0000000008000378                DMA1_Stream1_IRQHandler
                0x0000000008000378                UART4_IRQHandler
                0x0000000008000378                LCD_TFT_1_IRQHandler
                0x0000000008000378                TIM3_IRQHandler
                0x0000000008000378                RCC_IRQHandler
                0x0000000008000378                TIM8_BRK_TIM12_IRQHandler
                0x0000000008000378                Default_Handler
                0x0000000008000378                EXTI15_10_IRQHandler
                0x0000000008000378                ADC_IRQHandler
                0x0000000008000378                DMA1_Stream7_IRQHandler
                0x0000000008000378                TIM7_IRQHandler
                0x0000000008000378                CAN2_TX_IRQHandler
                0x0000000008000378                TIM5_IRQHandler
                0x0000000008000378                DMA2_Stream7_IRQHandler
                0x0000000008000378                I2C3_EV_IRQHandler
                0x0000000008000378                EXTI9_5_IRQHandler
                0x0000000008000378                RTC_WKUP_IRQHandler
                0x0000000008000378                ETH_WKUP_IRQHandler
                0x0000000008000378                SPI2_IRQHandler
                0x0000000008000378                OTG_HS_EP1_IN_IRQHandler
                0x0000000008000378                MemManage_Handler
                0x0000000008000378                DMA1_Stream0_IRQHandler
                0x0000000008000378                CAN1_TX_IRQHandler
                0x0000000008000378                SVC_Handler
                0x0000000008000378                EXTI4_IRQHandler
                0x0000000008000378                FSMC_IRQHandler
                0x0000000008000378                ETH_IRQHandler
                0x0000000008000378                OTG_HS_EP1_OUT_IRQHandler
                0x0000000008000378                WWDG_IRQHandler
                0x0000000008000378                TIM2_IRQHandler
                0x0000000008000378                OTG_FS_WKUP_IRQHandler
                0x0000000008000378                TIM1_TRG_COM_TIM11_IRQHandler
                0x0000000008000378                OTG_HS_IRQHandler
                0x0000000008000378                EXTI1_IRQHandler
                0x0000000008000378                USART2_IRQHandler
                0x0000000008000378                I2C2_ER_IRQHandler
                0x0000000008000378                DMA2_Stream1_IRQHandler
                0x0000000008000378                CAN1_SCE_IRQHandler
                0x0000000008000378                DMA2_Stream4_IRQHandler
                0x0000000008000378                BusFault_Handler
                0x0000000008000378                USART1_IRQHandler
                0x0000000008000378                OTG_FS_IRQHandler
                0x0000000008000378                SPI3_IRQHandler
                0x0000000008000378                DMA1_Stream4_IRQHandler
                0x0000000008000378                I2C1_ER_IRQHandler
                0x0000000008000378                DMA2_Stream6_IRQHandler
                0x0000000008000378                DMA1_Stream3_IRQHandler
 *fill*         0x000000000800037a        0x2 
 .text.__libc_init_array
                0x000000000800037c       0x48 D:/ST/STM32CubeIDE_1.13.2/STM32CubeIDE/plugins/com.st.stm32cube.ide.mcu.externaltools.gnu-tools-for-stm32.11.3.rel1.win32_1.1.1.202309131626/tools/bin/../lib/gcc/arm-none-eabi/11.3.1/../../../../arm-none-eabi/lib/thumb/v7e-m+fp/hard\libc_nano.a(libc_a-init.o)
                0x000000000800037c                __libc_init_array
 *(.glue_7)
 .glue_7        0x00000000080003c4        0x0 linker stubs
 *(.glue_7t)
 .glue_7t       0x00000000080003c4        0x0 linker stubs
 *(.eh_frame)
 .eh_frame      0x00000000080003c4        0x0 D:/ST/STM32CubeIDE_1.13.2/STM32CubeIDE/plugins/com.st.stm32cube.ide.mcu.externaltools.gnu-tools-for-stm32.11.3.rel1.win32_1.1.1.202309131626/tools/bin/../lib/gcc/arm-none-eabi/11.3.1/thumb/v7e-m+fp/hard/crtbegin.o
 *(.init)
 .init          0x00000000080003c4        0x4 D:/ST/STM32CubeIDE_1.13.2/STM32CubeIDE/plugins/com.st.stm32cube.ide.mcu.externaltools.gnu-tools-for-stm32.11.3.rel1.win32_1.1.1.202309131626/tools/bin/../lib/gcc/arm-none-eabi/11.3.1/thumb/v7e-m+fp/hard/crti.o
                0x00000000080003c4                _init
 .init          0x00000000080003c8        0x8 D:/ST/STM32CubeIDE_1.13.2/STM32CubeIDE/plugins/com.st.stm32cube.ide.mcu.externaltools.gnu-tools-for-stm32.11.3.rel1.win32_1.1.1.202309131626/tools/bin/../lib/gcc/arm-none-eabi/11.3.1/thumb/v7e-m+fp/hard/crtn.o
 *(.fini)
 .fini          0x00000000080003d0        0x4 D:/ST/STM32CubeIDE_1.13.2/STM32CubeIDE/plugins/com.st.stm32cube.ide.mcu.externaltools.gnu-tools-for-stm32.11.3.rel1.win32_1.1.1.202309131626/tools/bin/../lib/gcc/arm-none-eabi/11.3.1/thumb/v7e-m+fp/hard/crti.o
                0x00000000080003d0                _fini
 .fini          0x00000000080003d4        0x8 D:/ST/STM32CubeIDE_1.13.2/STM32CubeIDE/plugins/com.st.stm32cube.ide.mcu.externaltools.gnu-tools-for-stm32.11.3.rel1.win32_1.1.1.202309131626/tools/bin/../lib/gcc/arm-none-eabi/11.3.1/thumb/v7e-m+fp/hard/crtn.o
                0x00000000080003dc                . = ALIGN (0x4)
                0x00000000080003dc                _etext = .

.vfp11_veneer   0x00000000080003dc        0x0
 .vfp11_veneer  0x00000000080003dc        0x0 linker stubs

.v4_bx          0x00000000080003dc        0x0
 .v4_bx         0x00000000080003dc        0x0 linker stubs

.iplt           0x00000000080003dc        0x0
 .iplt          0x00000000080003dc        0x0 D:/ST/STM32CubeIDE_1.13.2/STM32CubeIDE/plugins/com.st.stm32cube.ide.mcu.externaltools.gnu-tools-for-stm32.11.3.rel1.win32_1.1.1.202309131626/tools/bin/../lib/gcc/arm-none-eabi/11.3.1/thumb/v7e-m+fp/hard/crtbegin.o

.rel.dyn        0x00000000080003dc        0x0
 .rel.iplt      0x00000000080003dc        0x0 D:/ST/STM32CubeIDE_1.13.2/STM32CubeIDE/plugins/com.st.stm32cube.ide.mcu.externaltools.gnu-tools-for-stm32.11.3.rel1.win32_1.1.1.202309131626/tools/bin/../lib/gcc/arm-none-eabi/11.3.1/thumb/v7e-m+fp/hard/crtbegin.o

.rodata         0x00000000080003dc        0x0
                0x00000000080003dc                . = ALIGN (0x4)
 *(.rodata)
 *(.rodata*)
                0x00000000080003dc                . = ALIGN (0x4)

.ARM.extab      0x00000000080003dc        0x0
                0x00000000080003dc                . = ALIGN (0x4)
 *(.ARM.extab* .gnu.linkonce.armextab.*)
                0x00000000080003dc                . = ALIGN (0x4)

.ARM            0x00000000080003dc        0x0
                0x00000000080003dc                . = ALIGN (0x4)
                0x00000000080003dc                __exidx_start = .
 *(.ARM.exidx*)
                0x00000000080003dc                __exidx_end = .
                0x00000000080003dc                . = ALIGN (0x4)

.preinit_array  0x00000000080003dc        0x0
                0x00000000080003dc                . = ALIGN (0x4)
                0x00000000080003dc                PROVIDE (__preinit_array_start = .)
 *(.preinit_array*)
                0x00000000080003dc                PROVIDE (__preinit_array_end = .)
                0x00000000080003dc                . = ALIGN (0x4)

.init_array     0x00000000080003dc        0x4
                0x00000000080003dc                . = ALIGN (0x4)
                0x00000000080003dc                PROVIDE (__init_array_start = .)
 *(SORT_BY_NAME(.init_array.*))
 *(.init_array*)
 .init_array    0x00000000080003dc        0x4 D:/ST/STM32CubeIDE_1.13.2/STM32CubeIDE/plugins/com.st.stm32cube.ide.mcu.externaltools.gnu-tools-for-stm32.11.3.rel1.win32_1.1.1.202309131626/tools/bin/../lib/gcc/arm-none-eabi/11.3.1/thumb/v7e-m+fp/hard/crtbegin.o
                0x00000000080003e0                PROVIDE (__init_array_end = .)
                0x00000000080003e0                . = ALIGN (0x4)

.fini_array     0x00000000080003e0        0x4
                0x00000000080003e0                . = ALIGN (0x4)
                [!provide]                        PROVIDE (__fini_array_start = .)
 *(SORT_BY_NAME(.fini_array.*))
 *(.fini_array*)
 .fini_array    0x00000000080003e0        0x4 D:/ST/STM32CubeIDE_1.13.2/STM32CubeIDE/plugins/com.st.stm32cube.ide.mcu.externaltools.gnu-tools-for-stm32.11.3.rel1.win32_1.1.1.202309131626/tools/bin/../lib/gcc/arm-none-eabi/11.3.1/thumb/v7e-m+fp/hard/crtbegin.o
                [!provide]                        PROVIDE (__fini_array_end = .)
                0x00000000080003e4                . = ALIGN (0x4)
                0x00000000080003e4                _sidata = LOADADDR (.data)

.data           0x0000000020000000        0x0 load address 0x00000000080003e4
                0x0000000020000000                . = ALIGN (0x4)
                0x0000000020000000                _sdata = .
 *(.data)
 *(.data*)
 *(.RamFunc)
 *(.RamFunc*)
                0x0000000020000000                . = ALIGN (0x4)
                0x0000000020000000                _edata = .
                0x00000000080003e4                _siccmram = LOADADDR (.ccmram)

.igot.plt       0x0000000020000000        0x0 load address 0x00000000080003e4
 .igot.plt      0x0000000020000000        0x0 D:/ST/STM32CubeIDE_1.13.2/STM32CubeIDE/plugins/com.st.stm32cube.ide.mcu.externaltools.gnu-tools-for-stm32.11.3.rel1.win32_1.1.1.202309131626/tools/bin/../lib/gcc/arm-none-eabi/11.3.1/thumb/v7e-m+fp/hard/crtbegin.o

.ccmram         0x0000000010000000        0x0 load address 0x00000000080003e4
                0x0000000010000000                . = ALIGN (0x4)
                0x0000000010000000                _sccmram = .
 *(.ccmram)
 *(.ccmram*)
                0x0000000010000000                . = ALIGN (0x4)
                0x0000000010000000                _eccmram = .
                0x0000000010000000                . = ALIGN (0x4)

.bss            0x0000000020000000       0x1c
                0x0000000020000000                _sbss = .
                0x0000000020000000                __bss_start__ = _sbss
 *(.bss)
 .bss           0x0000000020000000       0x1c D:/ST/STM32CubeIDE_1.13.2/STM32CubeIDE/plugins/com.st.stm32cube.ide.mcu.externaltools.gnu-tools-for-stm32.11.3.rel1.win32_1.1.1.202309131626/tools/bin/../lib/gcc/arm-none-eabi/11.3.1/thumb/v7e-m+fp/hard/crtbegin.o
 *(.bss*)
 *(COMMON)
                0x000000002000001c                . = ALIGN (0x4)
                0x000000002000001c                _ebss = .
                0x000000002000001c                __bss_end__ = _ebss

._user_heap_stack
                0x000000002000001c      0x604
                0x0000000020000020                . = ALIGN (0x8)
 *fill*         0x000000002000001c        0x4 
                [!provide]                        PROVIDE (end = .)
                0x0000000020000020                PROVIDE (_end = .)
                0x0000000020000220                . = (. + _Min_Heap_Size)
 *fill*         0x0000000020000020      0x200 
                0x0000000020000620                . = (. + _Min_Stack_Size)
 *fill*         0x0000000020000220      0x400 
                0x0000000020000620                . = ALIGN (0x8)

/DISCARD/
 libc.a(*)
 libm.a(*)
 libgcc.a(*)

.ARM.attributes
                0x0000000000000000       0x30
 *(.ARM.attributes)
 .ARM.attributes
                0x0000000000000000       0x1e D:/ST/STM32CubeIDE_1.13.2/STM32CubeIDE/plugins/com.st.stm32cube.ide.mcu.externaltools.gnu-tools-for-stm32.11.3.rel1.win32_1.1.1.202309131626/tools/bin/../lib/gcc/arm-none-eabi/11.3.1/thumb/v7e-m+fp/hard/crti.o
 .ARM.attributes
                0x000000000000001e       0x34 D:/ST/STM32CubeIDE_1.13.2/STM32CubeIDE/plugins/com.st.stm32cube.ide.mcu.externaltools.gnu-tools-for-stm32.11.3.rel1.win32_1.1.1.202309131626/tools/bin/../lib/gcc/arm-none-eabi/11.3.1/thumb/v7e-m+fp/hard/crtbegin.o
 .ARM.attributes
                0x0000000000000052       0x34 ./Src/main.o
 .ARM.attributes
                0x0000000000000086       0x21 ./Startup/startup_stm32f407vgtx.o
 .ARM.attributes
                0x00000000000000a7       0x34 D:/ST/STM32CubeIDE_1.13.2/STM32CubeIDE/plugins/com.st.stm32cube.ide.mcu.externaltools.gnu-tools-for-stm32.11.3.rel1.win32_1.1.1.202309131626/tools/bin/../lib/gcc/arm-none-eabi/11.3.1/../../../../arm-none-eabi/lib/thumb/v7e-m+fp/hard\libc_nano.a(libc_a-init.o)
 .ARM.attributes
                0x00000000000000db       0x1e D:/ST/STM32CubeIDE_1.13.2/STM32CubeIDE/plugins/com.st.stm32cube.ide.mcu.externaltools.gnu-tools-for-stm32.11.3.rel1.win32_1.1.1.202309131626/tools/bin/../lib/gcc/arm-none-eabi/11.3.1/thumb/v7e-m+fp/hard/crtn.o
OUTPUT(GPIODrivers.elf elf32-littlearm)
LOAD linker stubs
LOAD D:/ST/STM32CubeIDE_1.13.2/STM32CubeIDE/plugins/com.st.stm32cube.ide.mcu.externaltools.gnu-tools-for-stm32.11.3.rel1.win32_1.1.1.202309131626/tools/bin/../lib/gcc/arm-none-eabi/11.3.1/../../../../arm-none-eabi/lib/thumb/v7e-m+fp/hard\libc.a
LOAD D:/ST/STM32CubeIDE_1.13.2/STM32CubeIDE/plugins/com.st.stm32cube.ide.mcu.externaltools.gnu-tools-for-stm32.11.3.rel1.win32_1.1.1.202309131626/tools/bin/../lib/gcc/arm-none-eabi/11.3.1/../../../../arm-none-eabi/lib/thumb/v7e-m+fp/hard\libm.a
LOAD D:/ST/STM32CubeIDE_1.13.2/STM32CubeIDE/plugins/com.st.stm32cube.ide.mcu.externaltools.gnu-tools-for-stm32.11.3.rel1.win32_1.1.1.202309131626/tools/bin/../lib/gcc/arm-none-eabi/11.3.1/thumb/v7e-m+fp/hard\libgcc.a

.comment        0x0000000000000000       0x43
 .comment       0x0000000000000000       0x43 D:/ST/STM32CubeIDE_1.13.2/STM32CubeIDE/plugins/com.st.stm32cube.ide.mcu.externaltools.gnu-tools-for-stm32.11.3.rel1.win32_1.1.1.202309131626/tools/bin/../lib/gcc/arm-none-eabi/11.3.1/thumb/v7e-m+fp/hard/crtbegin.o
                                         0x44 (size before relaxing)
 .comment       0x0000000000000043       0x44 ./Src/main.o

.debug_info     0x0000000000000000      0x305
 .debug_info    0x0000000000000000      0x2e2 ./Src/main.o
 .debug_info    0x00000000000002e2       0x23 ./Startup/startup_stm32f407vgtx.o

.debug_abbrev   0x0000000000000000       0xe3
 .debug_abbrev  0x0000000000000000       0xd1 ./Src/main.o
 .debug_abbrev  0x00000000000000d1       0x12 ./Startup/startup_stm32f407vgtx.o

.debug_aranges  0x0000000000000000       0x58
 .debug_aranges
                0x0000000000000000       0x30 ./Src/main.o
 .debug_aranges
                0x0000000000000030       0x28 ./Startup/startup_stm32f407vgtx.o

.debug_rnglists
                0x0000000000000000       0x39
 .debug_rnglists
                0x0000000000000000       0x20 ./Src/main.o
 .debug_rnglists
                0x0000000000000020       0x19 ./Startup/startup_stm32f407vgtx.o

.debug_macro    0x0000000000000000    0x181c0
 .debug_macro   0x0000000000000000      0x116 ./Src/main.o
 .debug_macro   0x0000000000000116      0xab4 ./Src/main.o
 .debug_macro   0x0000000000000bca       0x28 ./Src/main.o
 .debug_macro   0x0000000000000bf2       0x2f ./Src/main.o
 .debug_macro   0x0000000000000c21       0x22 ./Src/main.o
 .debug_macro   0x0000000000000c43       0x8e ./Src/main.o
 .debug_macro   0x0000000000000cd1       0x51 ./Src/main.o
 .debug_macro   0x0000000000000d22      0x103 ./Src/main.o
 .debug_macro   0x0000000000000e25       0x6a ./Src/main.o
 .debug_macro   0x0000000000000e8f      0x1df ./Src/main.o
 .debug_macro   0x000000000000106e       0x1c ./Src/main.o
 .debug_macro   0x000000000000108a       0x22 ./Src/main.o
 .debug_macro   0x00000000000010ac       0xd9 ./Src/main.o
 .debug_macro   0x0000000000001185     0x102d ./Src/main.o
 .debug_macro   0x00000000000021b2      0x11f ./Src/main.o
 .debug_macro   0x00000000000022d1    0x15e82 ./Src/main.o
 .debug_macro   0x0000000000018153       0x6d ./Src/main.o

.debug_line     0x0000000000000000      0x5c0
 .debug_line    0x0000000000000000      0x545 ./Src/main.o
 .debug_line    0x0000000000000545       0x7b ./Startup/startup_stm32f407vgtx.o

.debug_str      0x0000000000000000    0x8813c
 .debug_str     0x0000000000000000    0x8810d ./Src/main.o
                                      0x88276 (size before relaxing)
 .debug_str     0x000000000008810d       0x2f ./Startup/startup_stm32f407vgtx.o
                                         0x53 (size before relaxing)

.debug_frame    0x0000000000000000       0x98
 .debug_frame   0x0000000000000000       0x6c ./Src/main.o
 .debug_frame   0x000000000000006c       0x2c D:/ST/STM32CubeIDE_1.13.2/STM32CubeIDE/plugins/com.st.stm32cube.ide.mcu.externaltools.gnu-tools-for-stm32.11.3.rel1.win32_1.1.1.202309131626/tools/bin/../lib/gcc/arm-none-eabi/11.3.1/../../../../arm-none-eabi/lib/thumb/v7e-m+fp/hard\libc_nano.a(libc_a-init.o)

.debug_line_str
                0x0000000000000000       0x47
 .debug_line_str
                0x0000000000000000       0x47 ./Startup/startup_stm32f407vgtx.o
                                         0x5f (size before relaxing)
